// Jest Snapshot v1, https://goo.gl/fbAQLP

exports[`CitySelector matches snapshot with default state 1`] = `
<div
  class="relative flex flex-col "
  style="z-index: 1000;"
>
  <div
    class="relative"
  >
    <button
      class="w-full px-3 sm:px-4 md:px-6 py-3 border border-gray-200 dark:border-gray-600 rounded-xl bg-white dark:bg-gray-700 text-gray-900 dark:text-emerald-200 bg-gradient-to-r from-emerald-500 to-teal-500 bg-clip-text text-transparent focus:outline-none focus:ring-2 focus:ring-emerald-500 dark:focus:ring-emerald-400 focus:border-emerald-500 dark:focus:border-emerald-400 text-left flex items-center justify-between shadow-lg dark:shadow-gray-900/50 hover:border-gray-300 dark:hover:border-gray-500 transition-all duration-200 font-medium text-xs sm:text-sm md:text-base backdrop-blur-sm"
      style="min-height: 56px;"
    >
      <span
        class="truncate flex-1 min-w-0 text-left"
      >
        New York, United States
      </span>
      <span
        class="flex items-center justify-center ml-2 sm:ml-3 flex-shrink-0"
      >
        <svg
          class="w-4 h-4 sm:w-5 sm:h-5 md:w-6 md:h-6 text-gray-400"
          fill="none"
          stroke="currentColor"
          stroke-width="2"
          viewBox="0 0 24 24"
        >
          <path
            d="M19 9l-7 7-7-7"
            stroke-linecap="round"
            stroke-linejoin="round"
          />
        </svg>
      </span>
    </button>
  </div>
</div>
`;

exports[`CitySelector matches snapshot with different selected city 1`] = `
<div
  class="relative flex flex-col "
  style="z-index: 1000;"
>
  <div
    class="relative"
  >
    <button
      class="w-full px-3 sm:px-4 md:px-6 py-3 border border-gray-200 dark:border-gray-600 rounded-xl bg-white dark:bg-gray-700 text-gray-900 dark:text-emerald-200 bg-gradient-to-r from-emerald-500 to-teal-500 bg-clip-text text-transparent focus:outline-none focus:ring-2 focus:ring-emerald-500 dark:focus:ring-emerald-400 focus:border-emerald-500 dark:focus:border-emerald-400 text-left flex items-center justify-between shadow-lg dark:shadow-gray-900/50 hover:border-gray-300 dark:hover:border-gray-500 transition-all duration-200 font-medium text-xs sm:text-sm md:text-base backdrop-blur-sm"
      style="min-height: 56px;"
    >
      <span
        class="truncate flex-1 min-w-0 text-left"
      >
        London, United Kingdom
      </span>
      <span
        class="flex items-center justify-center ml-2 sm:ml-3 flex-shrink-0"
      >
        <svg
          class="w-4 h-4 sm:w-5 sm:h-5 md:w-6 md:h-6 text-gray-400"
          fill="none"
          stroke="currentColor"
          stroke-width="2"
          viewBox="0 0 24 24"
        >
          <path
            d="M19 9l-7 7-7-7"
            stroke-linecap="round"
            stroke-linejoin="round"
          />
        </svg>
      </span>
    </button>
  </div>
</div>
`;

exports[`CitySelector matches snapshot with dropdown open 1`] = `
<div
  class="relative flex flex-col "
  style="z-index: 1000;"
>
  <div
    class="relative"
  >
    <button
      class="w-full px-3 sm:px-4 md:px-6 py-3 border border-gray-200 dark:border-gray-600 rounded-xl bg-white dark:bg-gray-700 text-gray-900 dark:text-emerald-200 bg-gradient-to-r from-emerald-500 to-teal-500 bg-clip-text text-transparent focus:outline-none focus:ring-2 focus:ring-emerald-500 dark:focus:ring-emerald-400 focus:border-emerald-500 dark:focus:border-emerald-400 text-left flex items-center justify-between shadow-lg dark:shadow-gray-900/50 hover:border-gray-300 dark:hover:border-gray-500 transition-all duration-200 font-medium text-xs sm:text-sm md:text-base backdrop-blur-sm"
      style="min-height: 56px;"
    >
      <span
        class="truncate flex-1 min-w-0 text-left"
      >
        New York, United States
      </span>
      <span
        class="flex items-center justify-center ml-2 sm:ml-3 flex-shrink-0"
      >
        <svg
          class="w-4 h-4 sm:w-5 sm:h-5 md:w-6 md:h-6 text-gray-400"
          fill="none"
          stroke="currentColor"
          stroke-width="2"
          viewBox="0 0 24 24"
        >
          <path
            d="M19 9l-7 7-7-7"
            stroke-linecap="round"
            stroke-linejoin="round"
          />
        </svg>
      </span>
    </button>
  </div>
</div>
`;
