// Jest Snapshot v1, https://goo.gl/fbAQLP

exports[`WindSpeedChart matches snapshot with data 1`] = `
<div
  class=""
>
  <div
    class="flex items-center mb-3 sm:mb-4"
  >
    <div
      class="flex items-center"
    >
      <svg
        class="w-4 h-4 sm:w-5 sm:h-5 text-gray-600 dark:text-gray-400 mr-2"
        fill="none"
        stroke="currentColor"
        viewBox="0 0 24 24"
      >
        <path
          d="M9.59 4.59A2 2 0 1 1 11 8H2m10.59 11.41A2 2 0 1 0 14 16H2m15.73-8.27A2.5 2.5 0 1 1 19.5 12H2"
          stroke-linecap="round"
          stroke-linejoin="round"
          stroke-width="2"
        />
      </svg>
      <h3
        class="text-base sm:text-lg font-medium text-gray-900 dark:text-teal-200 bg-gradient-to-r from-teal-500 to-green-500 bg-clip-text text-transparent"
      >
        Windspeed
      </h3>
    </div>
  </div>
  <div
    style="width: 100%; height: 250px; min-height: 200px;"
  >
    <div
      class="recharts-responsive-container"
      style="width: 100%; height: 100%; min-width: 0;"
    />
  </div>
</div>
`;

exports[`WindSpeedChart matches snapshot with empty data 1`] = `
<div
  class=""
>
  <div
    class="flex items-center mb-3 sm:mb-4"
  >
    <div
      class="flex items-center"
    >
      <svg
        class="w-4 h-4 sm:w-5 sm:h-5 text-gray-600 dark:text-gray-400 mr-2"
        fill="none"
        stroke="currentColor"
        viewBox="0 0 24 24"
      >
        <path
          d="M9.59 4.59A2 2 0 1 1 11 8H2m10.59 11.41A2 2 0 1 0 14 16H2m15.73-8.27A2.5 2.5 0 1 1 19.5 12H2"
          stroke-linecap="round"
          stroke-linejoin="round"
          stroke-width="2"
        />
      </svg>
      <h3
        class="text-base sm:text-lg font-medium text-gray-900 dark:text-teal-200 bg-gradient-to-r from-teal-500 to-green-500 bg-clip-text text-transparent"
      >
        Windspeed
      </h3>
    </div>
  </div>
  <div
    style="width: 100%; height: 250px; min-height: 200px;"
  >
    <div
      class="recharts-responsive-container"
      style="width: 100%; height: 100%; min-width: 0;"
    />
  </div>
</div>
`;
